
============================================================
Generating component registry...
============================================================
COMMAND:
python "C:\Users\kitso\Documents\CPP Game\CPP PRoject\ECSEngine/Tools/GenerateRegistry.py" "C:\Users\kitso\Documents\CPP Game\CPP PRoject\ECSEngine\Projects\Color Bullets" "C:\Users\kitso\Documents\CPP Game\CPP PRoject\ECSEngine"

OUTPUT:
Generated project module files for 6 scripts in C:\Users\kitso\Documents\CPP Game\CPP PRoject\ECSEngine\Projects\Color Bullets

EXIT CODE: 0

============================================================
Configuring script module...
============================================================
COMMAND:
cmake -S "C:\Users\kitso\Documents\CPP Game\CPP PRoject\ECSEngine\Projects\Color Bullets\Generated" -B "C:\Users\kitso\Documents\CPP Game\CPP PRoject\ECSEngine\Projects\Color Bullets\build" -DENGINE_ROOT="C:\Users\kitso\Documents\CPP Game\CPP PRoject\ECSEngine" -DPROJECT_ROOT="C:\Users\kitso\Documents\CPP Game\CPP PRoject\ECSEngine\Projects\Color Bullets" -DBUILD_GENERATION=1

OUTPUT:
-- Selecting Windows SDK version 10.0.22000.0 to target Windows 10.0.26200.
-- Found SFML 2.6.1 in C:/Users/kitso/Documents/CPP Game/CPP PRoject/ECSEngine/lib/cmake/SFML
-- Configuring done
-- Generating done
-- Build files have been written to: C:/Users/kitso/Documents/CPP Game/CPP PRoject/ECSEngine/Projects/Color Bullets/build

EXIT CODE: 0

============================================================
Compiling scripts...
============================================================
COMMAND:
cmake --build "C:\Users\kitso\Documents\CPP Game\CPP PRoject\ECSEngine\Projects\Color Bullets\build" --target GameScripts --config Debug

OUTPUT:
MSBuild version 17.5.1+f6fdcf537 for .NET Framework

  Bullet.cpp
  FloorSquare.cpp
  GameManager.cpp
  Player.cpp
  RegisterProjectComponents.cpp
C:\Users\kitso\Documents\CPP Game\CPP PRoject\ECSEngine\HotReloading/include/ProjectModuleAPI.h(100,10): error C2664: 'void (const char *,bool,ComponentAddDefaultFn,ComponentApplySerializedFn)': cannot convert argument 4 from 'overloaded-function' to 'ComponentApplySerializedFn' [C:\Users\kitso\Documents\CPP Game\CPP PRoject\ECSEngine\Projects\Color Bullets\build\GameScripts.vcxproj]
C:\Users\kitso\Documents\CPP Game\CPP PRoject\ECSEngine\HotReloading/include/ProjectModuleAPI.h(100,10): message : None of the functions with this name in scope match the target type [C:\Users\kitso\Documents\CPP Game\CPP PRoject\ECSEngine\Projects\Color Bullets\build\GameScripts.vcxproj]
C:\Users\kitso\Documents\CPP Game\CPP PRoject\ECSEngine\Projects\Color Bullets\Generated\RegisterProjectComponents.cpp(14,58): message : see reference to function template instantiation 'void RegisterProjectComponent<Bullet>(RegisterProjectComponentFn,const char *)' being compiled [C:\Users\kitso\Documents\CPP Game\CPP PRoject\ECSEngine\Projects\Color Bullets\build\GameScripts.vcxproj]
  Generating Code...

EXIT CODE: 1
