
============================================================
Generating component registry...
============================================================
COMMAND:
python "C:\Users\kitso\Documents\CPP Game\CPP PRoject\ECSEngine/Tools/GenerateRegistry.py" "C:\Users\kitso\Documents\CPP Game\CPP PRoject\ECSEngine\Projects\Color Bullets" "C:\Users\kitso\Documents\CPP Game\CPP PRoject\ECSEngine"

OUTPUT:
Generated project module files for 6 scripts in C:\Users\kitso\Documents\CPP Game\CPP PRoject\ECSEngine\Projects\Color Bullets

EXIT CODE: 0

============================================================
Configuring script module...
============================================================
COMMAND:
cmake -S "C:\Users\kitso\Documents\CPP Game\CPP PRoject\ECSEngine\Projects\Color Bullets\Generated" -B "C:\Users\kitso\Documents\CPP Game\CPP PRoject\ECSEngine\Projects\Color Bullets\build" -DENGINE_ROOT="C:\Users\kitso\Documents\CPP Game\CPP PRoject\ECSEngine" -DPROJECT_ROOT="C:\Users\kitso\Documents\CPP Game\CPP PRoject\ECSEngine\Projects\Color Bullets"

OUTPUT:
-- Building for: Visual Studio 17 2022
-- Selecting Windows SDK version 10.0.22000.0 to target Windows 10.0.26200.
-- The C compiler identification is MSVC 19.35.32217.1
-- The CXX compiler identification is MSVC 19.35.32217.1
-- Detecting C compiler ABI info
-- Detecting C compiler ABI info - done
-- Check for working C compiler: C:/Program Files/Microsoft Visual Studio/2022/Community/VC/Tools/MSVC/14.35.32215/bin/Hostx64/x64/cl.exe - skipped
-- Detecting C compile features
-- Detecting C compile features - done
-- Detecting CXX compiler ABI info
-- Detecting CXX compiler ABI info - done
-- Check for working CXX compiler: C:/Program Files/Microsoft Visual Studio/2022/Community/VC/Tools/MSVC/14.35.32215/bin/Hostx64/x64/cl.exe - skipped
-- Detecting CXX compile features
-- Detecting CXX compile features - done
-- Found SFML 2.6.1 in C:/Users/kitso/Documents/CPP Game/CPP PRoject/ECSEngine/lib/cmake/SFML
-- Configuring done
CMake Error at CMakeLists.txt:19 (add_library):
  Cannot find source file:

    C:/Users/kitso/Documents/CPP Game/CPP PRoject/ECSEngine/Projects/Color Bullets/Assets/Scripts/Enemy.cpp


CMake Error at CMakeLists.txt:19 (add_library):
  No SOURCES given to target: GameScripts


CMake Generate step failed.  Build files cannot be regenerated correctly.

EXIT CODE: 1
