
============================================================
Generating component registry...
============================================================
COMMAND:
python "C:\Users\kitso\Documents\CPP Game\CPP PRoject\ECSEngine/Tools/GenerateRegistry.py" "C:\Users\kitso\Documents\CPP Game\CPP PRoject\ECSEngine\Projects\Color Bullets" "C:\Users\kitso\Documents\CPP Game\CPP PRoject\ECSEngine"

OUTPUT:
Generated project module files for 6 scripts in C:\Users\kitso\Documents\CPP Game\CPP PRoject\ECSEngine\Projects\Color Bullets

EXIT CODE: 0

============================================================
Configuring script module...
============================================================
COMMAND:
cmake -S "C:\Users\kitso\Documents\CPP Game\CPP PRoject\ECSEngine\Projects\Color Bullets\Generated" -B "C:\Users\kitso\Documents\CPP Game\CPP PRoject\ECSEngine\Projects\Color Bullets\build" -DENGINE_ROOT="C:\Users\kitso\Documents\CPP Game\CPP PRoject\ECSEngine" -DPROJECT_ROOT="C:\Users\kitso\Documents\CPP Game\CPP PRoject\ECSEngine\Projects\Color Bullets" -DBUILD_GENERATION=1

OUTPUT:
-- Selecting Windows SDK version 10.0.22000.0 to target Windows 10.0.26200.
-- Found SFML 2.6.1 in C:/Users/kitso/Documents/CPP Game/CPP PRoject/ECSEngine/lib/cmake/SFML
-- Configuring done
-- Generating done
-- Build files have been written to: C:/Users/kitso/Documents/CPP Game/CPP PRoject/ECSEngine/Projects/Color Bullets/build

EXIT CODE: 0

============================================================
Compiling scripts...
============================================================
COMMAND:
cmake --build "C:\Users\kitso\Documents\CPP Game\CPP PRoject\ECSEngine\Projects\Color Bullets\build" --target GameScripts --config Debug

OUTPUT:
MSBuild version 17.5.1+f6fdcf537 for .NET Framework

  RegisterProjectComponents.cpp
C:\Users\kitso\Documents\CPP Game\CPP PRoject\ECSEngine\HotReloading/include/ProjectComponentRegistration.h(64,25): error C2102: '&' requires l-value [C:\Users\kitso\Documents\CPP Game\CPP PRoject\ECSEngine\Projects\Color Bullets\build\GameScripts.vcxproj]
C:\Users\kitso\Documents\CPP Game\CPP PRoject\ECSEngine\HotReloading/include/ProjectModuleAPI.h(57,1): message : see reference to function template instantiation 'void ProjectModuleApplySerialized<T>(Entity *,const SerializedComponent &)' being compiled [C:\Users\kitso\Documents\CPP Game\CPP PRoject\ECSEngine\Projects\Color Bullets\build\GameScripts.vcxproj]
          with
          [
              T=Bullet
          ]
C:\Users\kitso\Documents\CPP Game\CPP PRoject\ECSEngine\Projects\Color Bullets\Generated\RegisterProjectComponents.cpp(14,58): message : see reference to function template instantiation 'void RegisterProjectComponent<Bullet>(RegisterProjectComponentFn,const char *)' being compiled [C:\Users\kitso\Documents\CPP Game\CPP PRoject\ECSEngine\Projects\Color Bullets\build\GameScripts.vcxproj]
C:\Users\kitso\Documents\CPP Game\CPP PRoject\ECSEngine\HotReloading/include/ProjectComponentRegistration.h(64,25): error C2440: '=': cannot convert from 'void *' to 'T *' [C:\Users\kitso\Documents\CPP Game\CPP PRoject\ECSEngine\Projects\Color Bullets\build\GameScripts.vcxproj]
          with
          [
              T=Bullet
          ]
C:\Users\kitso\Documents\CPP Game\CPP PRoject\ECSEngine\HotReloading/include/ProjectComponentRegistration.h(64,25): message : Conversion from 'void*' to pointer to non-'void' requires an explicit cast [C:\Users\kitso\Documents\CPP Game\CPP PRoject\ECSEngine\Projects\Color Bullets\build\GameScripts.vcxproj]
C:\Users\kitso\Documents\CPP Game\CPP PRoject\ECSEngine\HotReloading/include/ProjectComponentRegistration.h(76,92): error C2065: 'fields': undeclared identifier [C:\Users\kitso\Documents\CPP Game\CPP PRoject\ECSEngine\Projects\Color Bullets\build\GameScripts.vcxproj]
C:\Users\kitso\Documents\CPP Game\CPP PRoject\ECSEngine\HotReloading/include/ProjectComponentRegistration.h(82,25): error C2102: '&' requires l-value [C:\Users\kitso\Documents\CPP Game\CPP PRoject\ECSEngine\Projects\Color Bullets\build\GameScripts.vcxproj]
C:\Users\kitso\Documents\CPP Game\CPP PRoject\ECSEngine\HotReloading/include/ProjectComponentRegistration.h(82,25): error C2440: '=': cannot convert from 'void *' to 'T *' [C:\Users\kitso\Documents\CPP Game\CPP PRoject\ECSEngine\Projects\Color Bullets\build\GameScripts.vcxproj]
          with
          [
              T=Bullet
          ]
C:\Users\kitso\Documents\CPP Game\CPP PRoject\ECSEngine\HotReloading/include/ProjectComponentRegistration.h(82,25): message : Conversion from 'void*' to pointer to non-'void' requires an explicit cast [C:\Users\kitso\Documents\CPP Game\CPP PRoject\ECSEngine\Projects\Color Bullets\build\GameScripts.vcxproj]
C:\Users\kitso\Documents\CPP Game\CPP PRoject\ECSEngine\HotReloading/include/ProjectComponentRegistration.h(86,59): error C2672: 'begin': no matching overloaded function found [C:\Users\kitso\Documents\CPP Game\CPP PRoject\ECSEngine\Projects\Color Bullets\build\GameScripts.vcxproj]
C:\Program Files\Microsoft Visual Studio\2022\Community\VC\Tools\MSVC\14.35.32215\include\valarray(609,23): message : could be 'const _Ty *std::begin(const std::valarray<_Ty> &)' [C:\Users\kitso\Documents\CPP Game\CPP PRoject\ECSEngine\Projects\Color Bullets\build\GameScripts.vcxproj]
C:\Users\kitso\Documents\CPP Game\CPP PRoject\ECSEngine\HotReloading/include/ProjectComponentRegistration.h(86,59): message : 'const _Ty *std::begin(const std::valarray<_Ty> &)': could not deduce template argument for 'const std::valarray<_Ty> &' from 'std::vector<SerializableVariable,std::allocator<SerializableVariable>> *' [C:\Users\kitso\Documents\CPP Game\CPP PRoject\ECSEngine\Projects\Color Bullets\build\GameScripts.vcxproj]
C:\Program Files\Microsoft Visual Studio\2022\Community\VC\Tools\MSVC\14.35.32215\include\valarray(604,17): message : or       '_Ty *std::begin(std::valarray<_Ty> &)' [C:\Users\kitso\Documents\CPP Game\CPP PRoject\ECSEngine\Projects\Color Bullets\build\GameScripts.vcxproj]
C:\Users\kitso\Documents\CPP Game\CPP PRoject\ECSEngine\HotReloading/include/ProjectComponentRegistration.h(86,59): message : '_Ty *std::begin(std::valarray<_Ty> &)': could not deduce template argument for 'std::valarray<_Ty> &' from 'std::vector<SerializableVariable,std::allocator<SerializableVariable>> *' [C:\Users\kitso\Documents\CPP Game\CPP PRoject\ECSEngine\Projects\Color Bullets\build\GameScripts.vcxproj]
C:\Program Files\Microsoft Visual Studio\2022\Community\VC\Tools\MSVC\14.35.32215\include\xutility(1589,27): message : or       '_Ty *std::begin(_Ty (&)[_Size]) noexcept' [C:\Users\kitso\Documents\CPP Game\CPP PRoject\ECSEngine\Projects\Color Bullets\build\GameScripts.vcxproj]
C:\Users\kitso\Documents\CPP Game\CPP PRoject\ECSEngine\HotReloading/include/ProjectComponentRegistration.h(86,59): message : '_Ty *std::begin(_Ty (&)[_Size]) noexcept': could not deduce template argument for '_Ty (&)[_Size]' from 'std::vector<SerializableVariable,std::allocator<SerializableVariable>> *' [C:\Users\kitso\Documents\CPP Game\CPP PRoject\ECSEngine\Projects\Color Bullets\build\GameScripts.vcxproj]
C:\Program Files\Microsoft Visual Studio\2022\Community\VC\Tools\MSVC\14.35.32215\include\xutility(1571,30): message : or       'unknown-type std::begin(const _Container &) noexcept(<expr>)' [C:\Users\kitso\Documents\CPP Game\CPP PRoject\ECSEngine\Projects\Color Bullets\build\GameScripts.vcxproj]
C:\Users\kitso\Documents\CPP Game\CPP PRoject\ECSEngine\HotReloading/include/ProjectComponentRegistration.h(86,59): message : Failed to specialize function template 'unknown-type std::begin(const _Container &) noexcept(<expr>)' [C:\Users\kitso\Documents\CPP Game\CPP PRoject\ECSEngine\Projects\Color Bullets\build\GameScripts.vcxproj]
C:\Users\kitso\Documents\CPP Game\CPP PRoject\ECSEngine\HotReloading/include/ProjectComponentRegistration.h(86,59): message : With the following template arguments: [C:\Users\kitso\Documents\CPP Game\CPP PRoject\ECSEngine\Projects\Color Bullets\build\GameScripts.vcxproj]
C:\Users\kitso\Documents\CPP Game\CPP PRoject\ECSEngine\HotReloading/include/ProjectComponentRegistration.h(86,59): message : '_Container=std::vector<SerializableVariable,std::allocator<SerializableVariable>> *' [C:\Users\kitso\Documents\CPP Game\CPP PRoject\ECSEngine\Projects\Color Bullets\build\GameScripts.vcxproj]
C:\Program Files\Microsoft Visual Studio\2022\Community\VC\Tools\MSVC\14.35.32215\include\xutility(1565,30): message : or       'unknown-type std::begin(_Container &) noexcept(<expr>)' [C:\Users\kitso\Documents\CPP Game\CPP PRoject\ECSEngine\Projects\Color Bullets\build\GameScripts.vcxproj]
C:\Users\kitso\Documents\CPP Game\CPP PRoject\ECSEngine\HotReloading/include/ProjectComponentRegistration.h(86,59): message : Failed to specialize function template 'unknown-type std::begin(_Container &) noexcept(<expr>)' [C:\Users\kitso\Documents\CPP Game\CPP PRoject\ECSEngine\Projects\Color Bullets\build\GameScripts.vcxproj]
C:\Users\kitso\Documents\CPP Game\CPP PRoject\ECSEngine\HotReloading/include/ProjectComponentRegistration.h(86,59): message : With the following template arguments: [C:\Users\kitso\Documents\CPP Game\CPP PRoject\ECSEngine\Projects\Color Bullets\build\GameScripts.vcxproj]
C:\Users\kitso\Documents\CPP Game\CPP PRoject\ECSEngine\HotReloading/include/ProjectComponentRegistration.h(86,59): message : '_Container=std::vector<SerializableVariable,std::allocator<SerializableVariable>> *' [C:\Users\kitso\Documents\CPP Game\CPP PRoject\ECSEngine\Projects\Color Bullets\build\GameScripts.vcxproj]
C:\Program Files\Microsoft Visual Studio\2022\Community\VC\Tools\MSVC\14.35.32215\include\initializer_list(55,35): message : or       'const _Elem *std::begin(std::initializer_list<_Elem>) noexcept' [C:\Users\kitso\Documents\CPP Game\CPP PRoject\ECSEngine\Projects\Color Bullets\build\GameScripts.vcxproj]
C:\Users\kitso\Documents\CPP Game\CPP PRoject\ECSEngine\HotReloading/include/ProjectComponentRegistration.h(86,59): message : 'const _Elem *std::begin(std::initializer_list<_Elem>) noexcept': could not deduce template argument for 'std::initializer_list<_Elem>' from 'std::vector<SerializableVariable,std::allocator<SerializableVariable>> *' [C:\Users\kitso\Documents\CPP Game\CPP PRoject\ECSEngine\Projects\Color Bullets\build\GameScripts.vcxproj]
C:\Users\kitso\Documents\CPP Game\CPP PRoject\ECSEngine\HotReloading/include/ProjectComponentRegistration.h(86,59): error C2672: 'end': no matching overloaded function found [C:\Users\kitso\Documents\CPP Game\CPP PRoject\ECSEngine\Projects\Color Bullets\build\GameScripts.vcxproj]
C:\Program Files\Microsoft Visual Studio\2022\Community\VC\Tools\MSVC\14.35.32215\include\valarray(619,23): message : could be 'const _Ty *std::end(const std::valarray<_Ty> &)' [C:\Users\kitso\Documents\CPP Game\CPP PRoject\ECSEngine\Projects\Color Bullets\build\GameScripts.vcxproj]
C:\Users\kitso\Documents\CPP Game\CPP PRoject\ECSEngine\HotReloading/include/ProjectComponentRegistration.h(86,59): message : 'const _Ty *std::end(const std::valarray<_Ty> &)': could not deduce template argument for 'const std::valarray<_Ty> &' from 'std::vector<SerializableVariable,std::allocator<SerializableVariable>> *' [C:\Users\kitso\Documents\CPP Game\CPP PRoject\ECSEngine\Projects\Color Bullets\build\GameScripts.vcxproj]
C:\Program Files\Microsoft Visual Studio\2022\Community\VC\Tools\MSVC\14.35.32215\include\valarray(614,17): message : or       '_Ty *std::end(std::valarray<_Ty> &)' [C:\Users\kitso\Documents\CPP Game\CPP PRoject\ECSEngine\Projects\Color Bullets\build\GameScripts.vcxproj]
C:\Users\kitso\Documents\CPP Game\CPP PRoject\ECSEngine\HotReloading/include/ProjectComponentRegistration.h(86,59): message : '_Ty *std::end(std::valarray<_Ty> &)': could not deduce template argument for 'std::valarray<_Ty> &' from 'std::vector<SerializableVariable,std::allocator<SerializableVariable>> *' [C:\Users\kitso\Documents\CPP Game\CPP PRoject\ECSEngine\Projects\Color Bullets\build\GameScripts.vcxproj]
C:\Program Files\Microsoft Visual Studio\2022\Community\VC\Tools\MSVC\14.35.32215\include\xutility(1594,27): message : or       '_Ty *std::end(_Ty (&)[_Size]) noexcept' [C:\Users\kitso\Documents\CPP Game\CPP PRoject\ECSEngine\Projects\Color Bullets\build\GameScripts.vcxproj]
C:\Users\kitso\Documents\CPP Game\CPP PRoject\ECSEngine\HotReloading/include/ProjectComponentRegistration.h(86,59): message : '_Ty *std::end(_Ty (&)[_Size]) noexcept': could not deduce template argument for '_Ty (&)[_Size]' from 'std::vector<SerializableVariable,std::allocator<SerializableVariable>> *' [C:\Users\kitso\Documents\CPP Game\CPP PRoject\ECSEngine\Projects\Color Bullets\build\GameScripts.vcxproj]
C:\Program Files\Microsoft Visual Studio\2022\Community\VC\Tools\MSVC\14.35.32215\include\xutility(1583,30): message : or       'unknown-type std::end(const _Container &) noexcept(<expr>)' [C:\Users\kitso\Documents\CPP Game\CPP PRoject\ECSEngine\Projects\Color Bullets\build\GameScripts.vcxproj]
C:\Users\kitso\Documents\CPP Game\CPP PRoject\ECSEngine\HotReloading/include/ProjectComponentRegistration.h(86,59): message : Failed to specialize function template 'unknown-type std::end(const _Container &) noexcept(<expr>)' [C:\Users\kitso\Documents\CPP Game\CPP PRoject\ECSEngine\Projects\Color Bullets\build\GameScripts.vcxproj]
C:\Users\kitso\Documents\CPP Game\CPP PRoject\ECSEngine\HotReloading/include/ProjectComponentRegistration.h(86,59): message : With the following template arguments: [C:\Users\kitso\Documents\CPP Game\CPP PRoject\ECSEngine\Projects\Color Bullets\build\GameScripts.vcxproj]
C:\Users\kitso\Documents\CPP Game\CPP PRoject\ECSEngine\HotReloading/include/ProjectComponentRegistration.h(86,59): message : '_Container=std::vector<SerializableVariable,std::allocator<SerializableVariable>> *' [C:\Users\kitso\Documents\CPP Game\CPP PRoject\ECSEngine\Projects\Color Bullets\build\GameScripts.vcxproj]
C:\Program Files\Microsoft Visual Studio\2022\Community\VC\Tools\MSVC\14.35.32215\include\xutility(1577,30): message : or       'unknown-type std::end(_Container &) noexcept(<expr>)' [C:\Users\kitso\Documents\CPP Game\CPP PRoject\ECSEngine\Projects\Color Bullets\build\GameScripts.vcxproj]
C:\Users\kitso\Documents\CPP Game\CPP PRoject\ECSEngine\HotReloading/include/ProjectComponentRegistration.h(86,59): message : Failed to specialize function template 'unknown-type std::end(_Container &) noexcept(<expr>)' [C:\Users\kitso\Documents\CPP Game\CPP PRoject\ECSEngine\Projects\Color Bullets\build\GameScripts.vcxproj]
C:\Users\kitso\Documents\CPP Game\CPP PRoject\ECSEngine\HotReloading/include/ProjectComponentRegistration.h(86,59): message : With the following template arguments: [C:\Users\kitso\Documents\CPP Game\CPP PRoject\ECSEngine\Projects\Color Bullets\build\GameScripts.vcxproj]
C:\Users\kitso\Documents\CPP Game\CPP PRoject\ECSEngine\HotReloading/include/ProjectComponentRegistration.h(86,59): message : '_Container=std::vector<SerializableVariable,std::allocator<SerializableVariable>> *' [C:\Users\kitso\Documents\CPP Game\CPP PRoject\ECSEngine\Projects\Color Bullets\build\GameScripts.vcxproj]
C:\Program Files\Microsoft Visual Studio\2022\Community\VC\Tools\MSVC\14.35.32215\include\initializer_list(60,35): message : or       'const _Elem *std::end(std::initializer_list<_Elem>) noexcept' [C:\Users\kitso\Documents\CPP Game\CPP PRoject\ECSEngine\Projects\Color Bullets\build\GameScripts.vcxproj]
C:\Users\kitso\Documents\CPP Game\CPP PRoject\ECSEngine\HotReloading/include/ProjectComponentRegistration.h(86,59): message : 'const _Elem *std::end(std::initializer_list<_Elem>) noexcept': could not deduce template argument for 'std::initializer_list<_Elem>' from 'std::vector<SerializableVariable,std::allocator<SerializableVariable>> *' [C:\Users\kitso\Documents\CPP Game\CPP PRoject\ECSEngine\Projects\Color Bullets\build\GameScripts.vcxproj]
C:\Users\kitso\Documents\CPP Game\CPP PRoject\ECSEngine\HotReloading/include/ProjectComponentRegistration.h(87,1): error C3536: '<begin>$L0': cannot be used before it is initialized [C:\Users\kitso\Documents\CPP Game\CPP PRoject\ECSEngine\Projects\Color Bullets\build\GameScripts.vcxproj]
C:\Users\kitso\Documents\CPP Game\CPP PRoject\ECSEngine\HotReloading/include/ProjectComponentRegistration.h(87,1): error C3536: '<end>$L0': cannot be used before it is initialized [C:\Users\kitso\Documents\CPP Game\CPP PRoject\ECSEngine\Projects\Color Bullets\build\GameScripts.vcxproj]
C:\Users\kitso\Documents\CPP Game\CPP PRoject\ECSEngine\HotReloading/include/ProjectComponentRegistration.h(86,61): error C2100: illegal indirection [C:\Users\kitso\Documents\CPP Game\CPP PRoject\ECSEngine\Projects\Color Bullets\build\GameScripts.vcxproj]
C:\Users\kitso\Documents\CPP Game\CPP PRoject\ECSEngine\HotReloading/include/ProjectComponentRegistration.h(91): error C3536: 'it': cannot be used before it is initialized [C:\Users\kitso\Documents\CPP Game\CPP PRoject\ECSEngine\Projects\Color Bullets\build\GameScripts.vcxproj]
C:\Users\kitso\Documents\CPP Game\CPP PRoject\ECSEngine\HotReloading/include/ProjectComponentRegistration.h(91,12): error C2678: binary '!=': no operator found which takes a left-hand operand of type 'int' (or there is no acceptable conversion) [C:\Users\kitso\Documents\CPP Game\CPP PRoject\ECSEngine\Projects\Color Bullets\build\GameScripts.vcxproj]
C:\Program Files (x86)\Windows Kits\10\Include\10.0.22000.0\shared\guiddef.h(197,15): message : could be 'bool operator !=(const GUID &,const GUID &)' [C:\Users\kitso\Documents\CPP Game\CPP PRoject\ECSEngine\Projects\Color Bullets\build\GameScripts.vcxproj]
C:\Program Files\Microsoft Visual Studio\2022\Community\VC\Tools\MSVC\14.35.32215\include\exception(287,28): message : or       'bool std::operator !=(const std::exception_ptr &,const std::exception_ptr &) noexcept' [found using argument-dependent lookup] [C:\Users\kitso\Documents\CPP Game\CPP PRoject\ECSEngine\Projects\Color Bullets\build\GameScripts.vcxproj]
C:\Program Files\Microsoft Visual Studio\2022\Community\VC\Tools\MSVC\14.35.32215\include\exception(291,28): message : or       'bool std::operator !=(const std::exception_ptr &,std::nullptr_t) noexcept' [found using argument-dependent lookup] [C:\Users\kitso\Documents\CPP Game\CPP PRoject\ECSEngine\Projects\Color Bullets\build\GameScripts.vcxproj]
C:\Program Files\Microsoft Visual Studio\2022\Community\VC\Tools\MSVC\14.35.32215\include\exception(295,28): message : or       'bool std::operator !=(std::nullptr_t,const std::exception_ptr &) noexcept' [found using argument-dependent lookup] [C:\Users\kitso\Documents\CPP Game\CPP PRoject\ECSEngine\Projects\Color Bullets\build\GameScripts.vcxproj]
C:\Program Files\Microsoft Visual Studio\2022\Community\VC\Tools\MSVC\14.35.32215\include\system_error(235,28): message : or       'bool std::operator !=(const std::error_code &,const std::error_code &) noexcept' [found using argument-dependent lookup] [C:\Users\kitso\Documents\CPP Game\CPP PRoject\ECSEngine\Projects\Color Bullets\build\GameScripts.vcxproj]
C:\Program Files\Microsoft Visual Studio\2022\Community\VC\Tools\MSVC\14.35.32215\include\system_error(239,28): message : or       'bool std::operator !=(const std::error_code &,const std::error_condition &) noexcept' [found using argument-dependent lookup] [C:\Users\kitso\Documents\CPP Game\CPP PRoject\ECSEngine\Projects\Color Bullets\build\GameScripts.vcxproj]
C:\Program Files\Microsoft Visual Studio\2022\Community\VC\Tools\MSVC\14.35.32215\include\system_error(243,28): message : or       'bool std::operator !=(const std::error_condition &,const std::error_code &) noexcept' [found using argument-dependent lookup] [C:\Users\kitso\Documents\CPP Game\CPP PRoject\ECSEngine\Projects\Color Bullets\build\GameScripts.vcxproj]
C:\Program Files\Microsoft Visual Studio\2022\Community\VC\Tools\MSVC\14.35.32215\include\system_error(317,28): message : or       'bool std::operator !=(const std::error_condition &,const std::error_condition &) noexcept' [found using argument-dependent lookup] [C:\Users\kitso\Documents\CPP Game\CPP PRoject\ECSEngine\Projects\Color Bullets\build\GameScripts.vcxproj]
C:\Program Files\Microsoft Visual Studio\2022\Community\VC\Tools\MSVC\14.35.32215\include\__msvc_int128.hpp(327,38): message : or       'bool std::operator !=(const std::_Base128 &,const std::_Base128 &) noexcept' [found using argument-dependent lookup] [C:\Users\kitso\Documents\CPP Game\CPP PRoject\ECSEngine\Projects\Color Bullets\build\GameScripts.vcxproj]
C:\Program Files\Microsoft Visual Studio\2022\Community\VC\Tools\MSVC\14.35.32215\include\random(2061,32): message : or       'bool std::operator !=(const std::bernoulli_distribution::param_type &,const std::bernoulli_distribution::param_type &)' [found using argument-dependent lookup] [C:\Users\kitso\Documents\CPP Game\CPP PRoject\ECSEngine\Projects\Color Bullets\build\GameScripts.vcxproj]
C:\Program Files\Microsoft Visual Studio\2022\Community\VC\Tools\MSVC\14.35.32215\include\random(2122,28): message : or       'bool std::operator !=(const std::bernoulli_distribution &,const std::bernoulli_distribution &)' [found using argument-dependent lookup] [C:\Users\kitso\Documents\CPP Game\CPP PRoject\ECSEngine\Projects\Color Bullets\build\GameScripts.vcxproj]
C:\Program Files\Microsoft Visual Studio\2022\Community\VC\Tools\MSVC\14.35.32215\include\random(4584,28): message : or       'bool std::discrete_distribution<size_t>::operator !=(const std::discrete_distribution<size_t> &,const std::discrete_distribution<size_t> &)' [found using argument-dependent lookup] [C:\Users\kitso\Documents\CPP Game\CPP PRoject\ECSEngine\Projects\Color Bullets\build\GameScripts.vcxproj]
C:\Program Files\Microsoft Visual Studio\2022\Community\VC\Tools\MSVC\14.35.32215\include\random(4467,32): message : or       'bool std::discrete_distribution<size_t>::param_type::operator !=(const std::discrete_distribution<size_t>::param_type &,const std::discrete_distribution<size_t>::param_type &)' [found using argument-dependent lookup] [C:\Users\kitso\Documents\CPP Game\CPP PRoject\ECSEngine\Projects\Color Bullets\build\GameScripts.vcxproj]
C:\Program Files\Microsoft Visual Studio\2022\Community\VC\Tools\MSVC\14.35.32215\include\random(1145,28): message : or       'bool std::mersenne_twister<_Ty,64,312,156,31,13043109905998158313,29,17,8202884508482404352,37,18444473444759240704,43>::operator !=(const std::mersenne_twister<_Ty,64,312,156,31,13043109905998158313,29,17,8202884508482404352,37,18444473444759240704,43> &,const std::mersenne_twister<_Ty,64,312,156,31,13043109905998158313,29,17,8202884508482404352,37,18444473444759240704,43> &)' [found using argument-dependent lookup] [C:\Users\kitso\Documents\CPP Game\CPP PRoject\ECSEngine\Projects\Color Bullets\build\GameScripts.vcxproj]
          with
          [
              _Ty=unsigned __int64
          ]
C:\Program Files\Microsoft Visual Studio\2022\Community\VC\Tools\MSVC\14.35.32215\include\random(1878,32): message : or       'bool std::uniform_int<_Ty>::param_type::operator !=(const std::uniform_int<_Ty>::param_type &,const std::uniform_int<_Ty>::param_type &)' [found using argument-dependent lookup] [C:\Users\kitso\Documents\CPP Game\CPP PRoject\ECSEngine\Projects\Color Bullets\build\GameScripts.vcxproj]
          with
          [
              _Ty=uint64_t
          ]
C:\Program Files\Microsoft Visual Studio\2022\Community\VC\Tools\MSVC\14.35.32215\include\random(2035,28): message : or       'bool std::uniform_int_distribution<uint64_t>::operator !=(const std::uniform_int_distribution<uint64_t> &,const std::uniform_int_distribution<uint64_t> &)' [found using argument-dependent lookup] [C:\Users\kitso\Documents\CPP Game\CPP PRoject\ECSEngine\Projects\Color Bullets\build\GameScripts.vcxproj]
C:\Program Files\Microsoft Visual Studio\2022\Community\VC\Tools\MSVC\14.35.32215\include\utility(383,27): message : or       'bool std::operator !=(const std::pair<_Ty1,_Ty2> &,const std::pair<_Ty1,_Ty2> &)' [C:\Users\kitso\Documents\CPP Game\CPP PRoject\ECSEngine\Projects\Color Bullets\build\GameScripts.vcxproj]
C:\Users\kitso\Documents\CPP Game\CPP PRoject\ECSEngine\HotReloading/include/ProjectComponentRegistration.h(91,12): message : 'bool std::operator !=(const std::pair<_Ty1,_Ty2> &,const std::pair<_Ty1,_Ty2> &)': could not deduce template argument for 'const std::pair<_Ty1,_Ty2> &' from 'int' [C:\Users\kitso\Documents\CPP Game\CPP PRoject\ECSEngine\Projects\Color Bullets\build\GameScripts.vcxproj]
C:\Program Files\Microsoft Visual Studio\2022\Community\VC\Tools\MSVC\14.35.32215\include\xutility(1456,5): message : or       'bool std::operator !=(const std::reverse_iterator<_BidIt> &,const std::reverse_iterator<_BidIt2> &) noexcept(<expr>)' [C:\Users\kitso\Documents\CPP Game\CPP PRoject\ECSEngine\Projects\Color Bullets\build\GameScripts.vcxproj]
C:\Users\kitso\Documents\CPP Game\CPP PRoject\ECSEngine\HotReloading/include/ProjectComponentRegistration.h(91,12): message : 'bool std::operator !=(const std::reverse_iterator<_BidIt> &,const std::reverse_iterator<_BidIt2> &) noexcept(<expr>)': could not deduce template argument for 'const std::reverse_iterator<_BidIt> &' from 'int' [C:\Users\kitso\Documents\CPP Game\CPP PRoject\ECSEngine\Projects\Color Bullets\build\GameScripts.vcxproj]
C:\Program Files\Microsoft Visual Studio\2022\Community\VC\Tools\MSVC\14.35.32215\include\xutility(3984,30): message : or       'bool std::operator !=(const std::move_iterator<_Iter> &,const std::move_iterator<_Iter2> &) noexcept(<expr>)' [C:\Users\kitso\Documents\CPP Game\CPP PRoject\ECSEngine\Projects\Color Bullets\build\GameScripts.vcxproj]
C:\Users\kitso\Documents\CPP Game\CPP PRoject\ECSEngine\HotReloading/include/ProjectComponentRegistration.h(91,12): message : 'bool std::operator !=(const std::move_iterator<_Iter> &,const std::move_iterator<_Iter2> &) noexcept(<expr>)': could not deduce template argument for 'const std::move_iterator<_Iter> &' from 'int' [C:\Users\kitso\Documents\CPP Game\CPP PRoject\ECSEngine\Projects\Color Bullets\build\GameScripts.vcxproj]
C:\Program Files\Microsoft Visual Studio\2022\Community\VC\Tools\MSVC\14.35.32215\include\array(781,17): message : or       'bool std::operator !=(const std::array<_Ty,_Size> &,const std::array<_Ty,_Size> &)' [C:\Users\kitso\Documents\CPP Game\CPP PRoject\ECSEngine\Projects\Color Bullets\build\GameScripts.vcxproj]
C:\Users\kitso\Documents\CPP Game\CPP PRoject\ECSEngine\HotReloading/include/ProjectComponentRegistration.h(91,12): message : 'bool std::operator !=(const std::array<_Ty,_Size> &,const std::array<_Ty,_Size> &)': could not deduce template argument for 'const std::array<_Ty,_Size> &' from 'int' [C:\Users\kitso\Documents\CPP Game\CPP PRoject\ECSEngine\Projects\Color Bullets\build\GameScripts.vcxproj]
C:\Program Files\Microsoft Visual Studio\2022\Community\VC\Tools\MSVC\14.35.32215\include\xmemory(900,17): message : or       'bool std::operator !=(const std::allocator<_Ty> &,const std::allocator<_Other> &) noexcept' [C:\Users\kitso\Documents\CPP Game\CPP PRoject\ECSEngine\Projects\Color Bullets\build\GameScripts.vcxproj]
C:\Users\kitso\Documents\CPP Game\CPP PRoject\ECSEngine\HotReloading/include/ProjectComponentRegistration.h(91,12): message : 'bool std::operator !=(const std::allocator<_Ty> &,const std::allocator<_Other> &) noexcept': could not deduce template argument for 'const std::allocator<_Ty> &' from 'int' [C:\Users\kitso\Documents\CPP Game\CPP PRoject\ECSEngine\Projects\Color Bullets\build\GameScripts.vcxproj]
C:\Program Files\Microsoft Visual Studio\2022\Community\VC\Tools\MSVC\14.35.32215\include\tuple(687,27): message : or       'bool std::operator !=(const std::tuple<_Types...> &,const std::tuple<_Types...> &)' [C:\Users\kitso\Documents\CPP Game\CPP PRoject\ECSEngine\Projects\Color Bullets\build\GameScripts.vcxproj]
C:\Users\kitso\Documents\CPP Game\CPP PRoject\ECSEngine\HotReloading/include/ProjectComponentRegistration.h(91,12): message : 'bool std::operator !=(const std::tuple<_Types...> &,const std::tuple<_Types...> &)': could not deduce template argument for 'const std::tuple<_Types...> &' from 'int' [C:\Users\kitso\Documents\CPP Game\CPP PRoject\ECSEngine\Projects\Color Bullets\build\GameScripts.vcxproj]
C:\Program Files\Microsoft Visual Studio\2022\Community\VC\Tools\MSVC\14.35.32215\include\xstring(1719,27): message : or       'bool std::operator !=(const std::basic_string_view<_Elem,_Traits>,const std::basic_string_view<_Elem,_Traits>) noexcept' [C:\Users\kitso\Documents\CPP Game\CPP PRoject\ECSEngine\Projects\Color Bullets\build\GameScripts.vcxproj]
C:\Users\kitso\Documents\CPP Game\CPP PRoject\ECSEngine\HotReloading/include/ProjectComponentRegistration.h(91,12): message : 'bool std::operator !=(const std::basic_string_view<_Elem,_Traits>,const std::basic_string_view<_Elem,_Traits>) noexcept': could not deduce template argument for 'const std::basic_string_view<_Elem,_Traits>' from 'int' [C:\Users\kitso\Documents\CPP Game\CPP PRoject\ECSEngine\Projects\Color Bullets\build\GameScripts.vcxproj]
C:\Program Files\Microsoft Visual Studio\2022\Community\VC\Tools\MSVC\14.35.32215\include\xstring(1725,27): message : or       'bool std::operator !=(const _Identity<std::basic_string_view<_Elem,_Traits>>::type,const std::basic_string_view<_Elem,_Traits>) noexcept' [C:\Users\kitso\Documents\CPP Game\CPP PRoject\ECSEngine\Projects\Color Bullets\build\GameScripts.vcxproj]
C:\Users\kitso\Documents\CPP Game\CPP PRoject\ECSEngine\HotReloading/include/ProjectComponentRegistration.h(91,12): message : 'bool std::operator !=(const _Identity<std::basic_string_view<_Elem,_Traits>>::type,const std::basic_string_view<_Elem,_Traits>) noexcept': could not deduce template argument for 'const std::basic_string_view<_Elem,_Traits>' from 'std::_Tree_const_iterator<std::_Tree_val<std::_Tree_simple_types<std::pair<const std::string,std::string>>>>' [C:\Users\kitso\Documents\CPP Game\CPP PRoject\ECSEngine\Projects\Color Bullets\build\GameScripts.vcxproj]
C:\Program Files\Microsoft Visual Studio\2022\Community\VC\Tools\MSVC\14.35.32215\include\xstring(1731,27): message : or       'bool std::operator !=(const std::basic_string_view<_Elem,_Traits>,const _Identity<std::basic_string_view<_Elem,_Traits>>::type) noexcept' [C:\Users\kitso\Documents\CPP Game\CPP PRoject\ECSEngine\Projects\Color Bullets\build\GameScripts.vcxproj]
C:\Users\kitso\Documents\CPP Game\CPP PRoject\ECSEngine\HotReloading/include/ProjectComponentRegistration.h(91,12): message : 'bool std::operator !=(const std::basic_string_view<_Elem,_Traits>,const _Identity<std::basic_string_view<_Elem,_Traits>>::type) noexcept': could not deduce template argument for 'const std::basic_string_view<_Elem,_Traits>' from 'int' [C:\Users\kitso\Documents\CPP Game\CPP PRoject\ECSEngine\Projects\Color Bullets\build\GameScripts.vcxproj]
C:\Program Files\Microsoft Visual Studio\2022\Community\VC\Tools\MSVC\14.35.32215\include\xstring(5220,17): message : or       'bool std::operator !=(const std::basic_string<_Elem,_Traits,_Alloc> &,const std::basic_string<_Elem,_Traits,_Alloc> &) noexcept' [C:\Users\kitso\Documents\CPP Game\CPP PRoject\ECSEngine\Projects\Color Bullets\build\GameScripts.vcxproj]
C:\Users\kitso\Documents\CPP Game\CPP PRoject\ECSEngine\HotReloading/include/ProjectComponentRegistration.h(91,12): message : 'bool std::operator !=(const std::basic_string<_Elem,_Traits,_Alloc> &,const std::basic_string<_Elem,_Traits,_Alloc> &) noexcept': could not deduce template argument for 'const std::basic_string<_Elem,_Traits,_Alloc> &' from 'int' [C:\Users\kitso\Documents\CPP Game\CPP PRoject\ECSEngine\Projects\Color Bullets\build\GameScripts.vcxproj]
C:\Program Files\Microsoft Visual Studio\2022\Community\VC\Tools\MSVC\14.35.32215\include\xstring(5226,17): message : or       'bool std::operator !=(const _Elem *const ,const std::basic_string<_Elem,_Traits,_Alloc> &)' [C:\Users\kitso\Documents\CPP Game\CPP PRoject\ECSEngine\Projects\Color Bullets\build\GameScripts.vcxproj]
C:\Users\kitso\Documents\CPP Game\CPP PRoject\ECSEngine\HotReloading/include/ProjectComponentRegistration.h(91,12): message : 'bool std::operator !=(const _Elem *const ,const std::basic_string<_Elem,_Traits,_Alloc> &)': could not deduce template argument for 'const _Elem *const ' from 'int' [C:\Users\kitso\Documents\CPP Game\CPP PRoject\ECSEngine\Projects\Color Bullets\build\GameScripts.vcxproj]
C:\Program Files\Microsoft Visual Studio\2022\Community\VC\Tools\MSVC\14.35.32215\include\xstring(5231,17): message : or       'bool std::operator !=(const std::basic_string<_Elem,_Traits,_Alloc> &,const _Elem *const )' [C:\Users\kitso\Documents\CPP Game\CPP PRoject\ECSEngine\Projects\Color Bullets\build\GameScripts.vcxproj]
C:\Users\kitso\Documents\CPP Game\CPP PRoject\ECSEngine\HotReloading/include/ProjectComponentRegistration.h(91,12): message : 'bool std::operator !=(const std::basic_string<_Elem,_Traits,_Alloc> &,const _Elem *const )': could not deduce template argument for 'const std::basic_string<_Elem,_Traits,_Alloc> &' from 'int' [C:\Users\kitso\Documents\CPP Game\CPP PRoject\ECSEngine\Projects\Color Bullets\build\GameScripts.vcxproj]
C:\Program Files\Microsoft Visual Studio\2022\Community\VC\Tools\MSVC\14.35.32215\include\vector(2299,17): message : or       'bool std::operator !=(const std::vector<_Ty,_Alloc> &,const std::vector<_Ty,_Alloc> &)' [C:\Users\kitso\Documents\CPP Game\CPP PRoject\ECSEngine\Projects\Color Bullets\build\GameScripts.vcxproj]
C:\Users\kitso\Documents\CPP Game\CPP PRoject\ECSEngine\HotReloading/include/ProjectComponentRegistration.h(91,12): message : 'bool std::operator !=(const std::vector<_Ty,_Alloc> &,const std::vector<_Ty,_Alloc> &)': could not deduce template argument for 'const std::vector<_Ty,_Alloc> &' from 'int' [C:\Users\kitso\Documents\CPP Game\CPP PRoject\ECSEngine\Projects\Color Bullets\build\GameScripts.vcxproj]
C:\Program Files\Microsoft Visual Studio\2022\Community\VC\Tools\MSVC\14.35.32215\include\memory(1782,17): message : or       'bool std::operator !=(const std::shared_ptr<_Ty> &,const std::shared_ptr<_Ty0> &) noexcept' [C:\Users\kitso\Documents\CPP Game\CPP PRoject\ECSEngine\Projects\Color Bullets\build\GameScripts.vcxproj]
C:\Users\kitso\Documents\CPP Game\CPP PRoject\ECSEngine\HotReloading/include/ProjectComponentRegistration.h(91,12): message : 'bool std::operator !=(const std::shared_ptr<_Ty> &,const std::shared_ptr<_Ty0> &) noexcept': could not deduce template argument for 'const std::shared_ptr<_Ty> &' from 'int' [C:\Users\kitso\Documents\CPP Game\CPP PRoject\ECSEngine\Projects\Color Bullets\build\GameScripts.vcxproj]
C:\Program Files\Microsoft Visual Studio\2022\Community\VC\Tools\MSVC\14.35.32215\include\memory(1824,17): message : or       'bool std::operator !=(const std::shared_ptr<_Ty> &,std::nullptr_t) noexcept' [C:\Users\kitso\Documents\CPP Game\CPP PRoject\ECSEngine\Projects\Color Bullets\build\GameScripts.vcxproj]
C:\Users\kitso\Documents\CPP Game\CPP PRoject\ECSEngine\HotReloading/include/ProjectComponentRegistration.h(91,12): message : 'bool std::operator !=(const std::shared_ptr<_Ty> &,std::nullptr_t) noexcept': could not deduce template argument for 'const std::shared_ptr<_Ty> &' from 'int' [C:\Users\kitso\Documents\CPP Game\CPP PRoject\ECSEngine\Projects\Color Bullets\build\GameScripts.vcxproj]
C:\Program Files\Microsoft Visual Studio\2022\Community\VC\Tools\MSVC\14.35.32215\include\memory(1829,17): message : or       'bool std::operator !=(std::nullptr_t,const std::shared_ptr<_Ty> &) noexcept' [C:\Users\kitso\Documents\CPP Game\CPP PRoject\ECSEngine\Projects\Color Bullets\build\GameScripts.vcxproj]
C:\Users\kitso\Documents\CPP Game\CPP PRoject\ECSEngine\HotReloading/include/ProjectComponentRegistration.h(91,12): message : 'bool std::operator !=(std::nullptr_t,const std::shared_ptr<_Ty> &) noexcept': could not deduce template argument for 'const std::shared_ptr<_Ty> &' from 'std::_Tree_const_iterator<std::_Tree_val<std::_Tree_simple_types<std::pair<const std::string,std::string>>>>' [C:\Users\kitso\Documents\CPP Game\CPP PRoject\ECSEngine\Projects\Color Bullets\build\GameScripts.vcxproj]
C:\Program Files\Microsoft Visual Studio\2022\Community\VC\Tools\MSVC\14.35.32215\include\memory(3435,17): message : or       'bool std::operator !=(const std::unique_ptr<_Ty,_Dx> &,const std::unique_ptr<_Ty2,_Dx2> &)' [C:\Users\kitso\Documents\CPP Game\CPP PRoject\ECSEngine\Projects\Color Bullets\build\GameScripts.vcxproj]
C:\Users\kitso\Documents\CPP Game\CPP PRoject\ECSEngine\HotReloading/include/ProjectComponentRegistration.h(91,12): message : 'bool std::operator !=(const std::unique_ptr<_Ty,_Dx> &,const std::unique_ptr<_Ty2,_Dx2> &)': could not deduce template argument for 'const std::unique_ptr<_Ty,_Dx> &' from 'int' [C:\Users\kitso\Documents\CPP Game\CPP PRoject\ECSEngine\Projects\Color Bullets\build\GameScripts.vcxproj]
C:\Program Files\Microsoft Visual Studio\2022\Community\VC\Tools\MSVC\14.35.32215\include\memory(3488,17): message : or       'bool std::operator !=(const std::unique_ptr<_Ty,_Dx> &,std::nullptr_t) noexcept' [C:\Users\kitso\Documents\CPP Game\CPP PRoject\ECSEngine\Projects\Color Bullets\build\GameScripts.vcxproj]
C:\Users\kitso\Documents\CPP Game\CPP PRoject\ECSEngine\HotReloading/include/ProjectComponentRegistration.h(91,12): message : 'bool std::operator !=(const std::unique_ptr<_Ty,_Dx> &,std::nullptr_t) noexcept': could not deduce template argument for 'const std::unique_ptr<_Ty,_Dx> &' from 'int' [C:\Users\kitso\Documents\CPP Game\CPP PRoject\ECSEngine\Projects\Color Bullets\build\GameScripts.vcxproj]
C:\Program Files\Microsoft Visual Studio\2022\Community\VC\Tools\MSVC\14.35.32215\include\memory(3493,17): message : or       'bool std::operator !=(std::nullptr_t,const std::unique_ptr<_Ty,_Dx> &) noexcept' [C:\Users\kitso\Documents\CPP Game\CPP PRoject\ECSEngine\Projects\Color Bullets\build\GameScripts.vcxproj]
C:\Users\kitso\Documents\CPP Game\CPP PRoject\ECSEngine\HotReloading/include/ProjectComponentRegistration.h(91,12): message : 'bool std::operator !=(std::nullptr_t,const std::unique_ptr<_Ty,_Dx> &) noexcept': could not deduce template argument for 'const std::unique_ptr<_Ty,_Dx> &' from 'std::_Tree_const_iterator<std::_Tree_val<std::_Tree_simple_types<std::pair<const std::string,std::string>>>>' [C:\Users\kitso\Documents\CPP Game\CPP PRoject\ECSEngine\Projects\Color Bullets\build\GameScripts.vcxproj]
C:\Program Files\Microsoft Visual Studio\2022\Community\VC\Tools\MSVC\14.35.32215\include\iterator(314,17): message : or       'bool std::operator !=(const std::istream_iterator<_Ty,_Elem,_Traits,_Diff> &,const std::istream_iterator<_Ty,_Elem,_Traits,_Diff> &) noexcept' [C:\Users\kitso\Documents\CPP Game\CPP PRoject\ECSEngine\Projects\Color Bullets\build\GameScripts.vcxproj]
C:\Users\kitso\Documents\CPP Game\CPP PRoject\ECSEngine\HotReloading/include/ProjectComponentRegistration.h(91,12): message : 'bool std::operator !=(const std::istream_iterator<_Ty,_Elem,_Traits,_Diff> &,const std::istream_iterator<_Ty,_Elem,_Traits,_Diff> &) noexcept': could not deduce template argument for 'const std::istream_iterator<_Ty,_Elem,_Traits,_Diff> &' from 'int' [C:\Users\kitso\Documents\CPP Game\CPP PRoject\ECSEngine\Projects\Color Bullets\build\GameScripts.vcxproj]
C:\Program Files\Microsoft Visual Studio\2022\Community\VC\Tools\MSVC\14.35.32215\include\iterator(496,17): message : or       'bool std::operator !=(const std::istreambuf_iterator<_Elem,_Traits> &,const std::istreambuf_iterator<_Elem,_Traits> &)' [C:\Users\kitso\Documents\CPP Game\CPP PRoject\ECSEngine\Projects\Color Bullets\build\GameScripts.vcxproj]
C:\Users\kitso\Documents\CPP Game\CPP PRoject\ECSEngine\HotReloading/include/ProjectComponentRegistration.h(91,12): message : 'bool std::operator !=(const std::istreambuf_iterator<_Elem,_Traits> &,const std::istreambuf_iterator<_Elem,_Traits> &)': could not deduce template argument for 'const std::istreambuf_iterator<_Elem,_Traits> &' from 'int' [C:\Users\kitso\Documents\CPP Game\CPP PRoject\ECSEngine\Projects\Color Bullets\build\GameScripts.vcxproj]
C:\Program Files\Microsoft Visual Studio\2022\Community\VC\Tools\MSVC\14.35.32215\include\regex(708,17): message : or       'bool std::operator !=(const std::sub_match<_BidIt> &,const std::sub_match<_BidIt> &)' [C:\Users\kitso\Documents\CPP Game\CPP PRoject\ECSEngine\Projects\Color Bullets\build\GameScripts.vcxproj]
C:\Users\kitso\Documents\CPP Game\CPP PRoject\ECSEngine\HotReloading/include/ProjectComponentRegistration.h(91,12): message : 'bool std::operator !=(const std::sub_match<_BidIt> &,const std::sub_match<_BidIt> &)': could not deduce template argument for 'const std::sub_match<_BidIt> &' from 'int' [C:\Users\kitso\Documents\CPP Game\CPP PRoject\ECSEngine\Projects\Color Bullets\build\GameScripts.vcxproj]
C:\Program Files\Microsoft Visual Studio\2022\Community\VC\Tools\MSVC\14.35.32215\include\regex(750,17): message : or       'bool std::operator !=(const iterator_traits<_Iter>::value_type *,const std::sub_match<_BidIt> &)' [C:\Users\kitso\Documents\CPP Game\CPP PRoject\ECSEngine\Projects\Color Bullets\build\GameScripts.vcxproj]
C:\Users\kitso\Documents\CPP Game\CPP PRoject\ECSEngine\HotReloading/include/ProjectComponentRegistration.h(91,12): message : 'bool std::operator !=(const iterator_traits<_Iter>::value_type *,const std::sub_match<_BidIt> &)': could not deduce template argument for 'const std::sub_match<_BidIt> &' from 'std::_Tree_const_iterator<std::_Tree_val<std::_Tree_simple_types<std::pair<const std::string,std::string>>>>' [C:\Users\kitso\Documents\CPP Game\CPP PRoject\ECSEngine\Projects\Color Bullets\build\GameScripts.vcxproj]
C:\Program Files\Microsoft Visual Studio\2022\Community\VC\Tools\MSVC\14.35.32215\include\regex(775,17): message : or       'bool std::operator !=(const std::sub_match<_BidIt> &,const iterator_traits<_Iter>::value_type *)' [C:\Users\kitso\Documents\CPP Game\CPP PRoject\ECSEngine\Projects\Color Bullets\build\GameScripts.vcxproj]
C:\Users\kitso\Documents\CPP Game\CPP PRoject\ECSEngine\HotReloading/include/ProjectComponentRegistration.h(91,12): message : 'bool std::operator !=(const std::sub_match<_BidIt> &,const iterator_traits<_Iter>::value_type *)': could not deduce template argument for 'const std::sub_match<_BidIt> &' from 'int' [C:\Users\kitso\Documents\CPP Game\CPP PRoject\ECSEngine\Projects\Color Bullets\build\GameScripts.vcxproj]
C:\Program Files\Microsoft Visual Studio\2022\Community\VC\Tools\MSVC\14.35.32215\include\regex(818,17): message : or       'bool std::operator !=(const iterator_traits<_Iter>::value_type &,const std::sub_match<_BidIt> &)' [C:\Users\kitso\Documents\CPP Game\CPP PRoject\ECSEngine\Projects\Color Bullets\build\GameScripts.vcxproj]
C:\Users\kitso\Documents\CPP Game\CPP PRoject\ECSEngine\HotReloading/include/ProjectComponentRegistration.h(91,12): message : 'bool std::operator !=(const iterator_traits<_Iter>::value_type &,const std::sub_match<_BidIt> &)': could not deduce template argument for 'const std::sub_match<_BidIt> &' from 'std::_Tree_const_iterator<std::_Tree_val<std::_Tree_simple_types<std::pair<const std::string,std::string>>>>' [C:\Users\kitso\Documents\CPP Game\CPP PRoject\ECSEngine\Projects\Color Bullets\build\GameScripts.vcxproj]
C:\Program Files\Microsoft Visual Studio\2022\Community\VC\Tools\MSVC\14.35.32215\include\regex(843,17): message : or       'bool std::operator !=(const std::sub_match<_BidIt> &,const iterator_traits<_Iter>::value_type &)' [C:\Users\kitso\Documents\CPP Game\CPP PRoject\ECSEngine\Projects\Color Bullets\build\GameScripts.vcxproj]
C:\Users\kitso\Documents\CPP Game\CPP PRoject\ECSEngine\HotReloading/include/ProjectComponentRegistration.h(91,12): message : 'bool std::operator !=(const std::sub_match<_BidIt> &,const iterator_traits<_Iter>::value_type &)': could not deduce template argument for 'const std::sub_match<_BidIt> &' from 'int' [C:\Users\kitso\Documents\CPP Game\CPP PRoject\ECSEngine\Projects\Color Bullets\build\GameScripts.vcxproj]
C:\Program Files\Microsoft Visual Studio\2022\Community\VC\Tools\MSVC\14.35.32215\include\regex(888,17): message : or       'bool std::operator !=(const std::basic_string<iterator_traits<_Iter>::value_type,_Traits,_Alloc> &,const std::sub_match<_BidIt> &)' [C:\Users\kitso\Documents\CPP Game\CPP PRoject\ECSEngine\Projects\Color Bullets\build\GameScripts.vcxproj]
C:\Users\kitso\Documents\CPP Game\CPP PRoject\ECSEngine\HotReloading/include/ProjectComponentRegistration.h(91,12): message : 'bool std::operator !=(const std::basic_string<iterator_traits<_Iter>::value_type,_Traits,_Alloc> &,const std::sub_match<_BidIt> &)': could not deduce template argument for 'const std::basic_string<iterator_traits<_Iter>::value_type,_Traits,_Alloc> &' from 'int' [C:\Users\kitso\Documents\CPP Game\CPP PRoject\ECSEngine\Projects\Color Bullets\build\GameScripts.vcxproj]
C:\Program Files\Microsoft Visual Studio\2022\Community\VC\Tools\MSVC\14.35.32215\include\regex(918,17): message : or       'bool std::operator !=(const std::sub_match<_BidIt> &,const std::basic_string<iterator_traits<_Iter>::value_type,_Traits,_Alloc> &)' [C:\Users\kitso\Documents\CPP Game\CPP PRoject\ECSEngine\Projects\Color Bullets\build\GameScripts.vcxproj]
C:\Users\kitso\Documents\CPP Game\CPP PRoject\ECSEngine\HotReloading/include/ProjectComponentRegistration.h(91,12): message : 'bool std::operator !=(const std::sub_match<_BidIt> &,const std::basic_string<iterator_traits<_Iter>::value_type,_Traits,_Alloc> &)': could not deduce template argument for 'const std::sub_match<_BidIt> &' from 'int' [C:\Users\kitso\Documents\CPP Game\CPP PRoject\ECSEngine\Projects\Color Bullets\build\GameScripts.vcxproj]
C:\Program Files\Microsoft Visual Studio\2022\Community\VC\Tools\MSVC\14.35.32215\include\regex(1153,17): message : or       'bool std::operator !=(const std::match_results<_BidIt,_Alloc> &,const std::match_results<_BidIt,_Alloc> &)' [C:\Users\kitso\Documents\CPP Game\CPP PRoject\ECSEngine\Projects\Color Bullets\build\GameScripts.vcxproj]
C:\Users\kitso\Documents\CPP Game\CPP PRoject\ECSEngine\HotReloading/include/ProjectComponentRegistration.h(91,12): message : 'bool std::operator !=(const std::match_results<_BidIt,_Alloc> &,const std::match_results<_BidIt,_Alloc> &)': could not deduce template argument for 'const std::match_results<_BidIt,_Alloc> &' from 'int' [C:\Users\kitso\Documents\CPP Game\CPP PRoject\ECSEngine\Projects\Color Bullets\build\GameScripts.vcxproj]
C:\Program Files\Microsoft Visual Studio\2022\Community\VC\Tools\MSVC\14.35.32215\include\map(406,17): message : or       'bool std::operator !=(const std::map<_Kty,_Ty,_Pr,_Alloc> &,const std::map<_Kty,_Ty,_Pr,_Alloc> &)' [C:\Users\kitso\Documents\CPP Game\CPP PRoject\ECSEngine\Projects\Color Bullets\build\GameScripts.vcxproj]
C:\Users\kitso\Documents\CPP Game\CPP PRoject\ECSEngine\HotReloading/include/ProjectComponentRegistration.h(91,12): message : 'bool std::operator !=(const std::map<_Kty,_Ty,_Pr,_Alloc> &,const std::map<_Kty,_Ty,_Pr,_Alloc> &)': could not deduce template argument for 'const std::map<_Kty,_Ty,_Pr,_Alloc> &' from 'int' [C:\Users\kitso\Documents\CPP Game\CPP PRoject\ECSEngine\Projects\Color Bullets\build\GameScripts.vcxproj]
C:\Program Files\Microsoft Visual Studio\2022\Community\VC\Tools\MSVC\14.35.32215\include\map(638,17): message : or       'bool std::operator !=(const std::multimap<_Kty,_Ty,_Pr,_Alloc> &,const std::multimap<_Kty,_Ty,_Pr,_Alloc> &)' [C:\Users\kitso\Documents\CPP Game\CPP PRoject\ECSEngine\Projects\Color Bullets\build\GameScripts.vcxproj]
C:\Users\kitso\Documents\CPP Game\CPP PRoject\ECSEngine\HotReloading/include/ProjectComponentRegistration.h(91,12): message : 'bool std::operator !=(const std::multimap<_Kty,_Ty,_Pr,_Alloc> &,const std::multimap<_Kty,_Ty,_Pr,_Alloc> &)': could not deduce template argument for 'const std::multimap<_Kty,_Ty,_Pr,_Alloc> &' from 'int' [C:\Users\kitso\Documents\CPP Game\CPP PRoject\ECSEngine\Projects\Color Bullets\build\GameScripts.vcxproj]
C:\Program Files\Microsoft Visual Studio\2022\Community\VC\Tools\MSVC\14.35.32215\include\list(1880,17): message : or       'bool std::operator !=(const std::list<_Ty,_Alloc> &,const std::list<_Ty,_Alloc> &)' [C:\Users\kitso\Documents\CPP Game\CPP PRoject\ECSEngine\Projects\Color Bullets\build\GameScripts.vcxproj]
C:\Users\kitso\Documents\CPP Game\CPP PRoject\ECSEngine\HotReloading/include/ProjectComponentRegistration.h(91,12): message : 'bool std::operator !=(const std::list<_Ty,_Alloc> &,const std::list<_Ty,_Alloc> &)': could not deduce template argument for 'const std::list<_Ty,_Alloc> &' from 'int' [C:\Users\kitso\Documents\CPP Game\CPP PRoject\ECSEngine\Projects\Color Bullets\build\GameScripts.vcxproj]
C:\Program Files\Microsoft Visual Studio\2022\Community\VC\Tools\MSVC\14.35.32215\include\unordered_map(546,17): message : or       'bool std::operator !=(const std::unordered_map<_Kty,_Ty,_Hasher,_Keyeq,_Alloc> &,const std::unordered_map<_Kty,_Ty,_Hasher,_Keyeq,_Alloc> &)' [C:\Users\kitso\Documents\CPP Game\CPP PRoject\ECSEngine\Projects\Color Bullets\build\GameScripts.vcxproj]
C:\Users\kitso\Documents\CPP Game\CPP PRoject\ECSEngine\HotReloading/include/ProjectComponentRegistration.h(91,12): message : 'bool std::operator !=(const std::unordered_map<_Kty,_Ty,_Hasher,_Keyeq,_Alloc> &,const std::unordered_map<_Kty,_Ty,_Hasher,_Keyeq,_Alloc> &)': could not deduce template argument for 'const std::unordered_map<_Kty,_Ty,_Hasher,_Keyeq,_Alloc> &' from 'int' [C:\Users\kitso\Documents\CPP Game\CPP PRoject\ECSEngine\Projects\Color Bullets\build\GameScripts.vcxproj]
C:\Program Files\Microsoft Visual Studio\2022\Community\VC\Tools\MSVC\14.35.32215\include\unordered_map(915,17): message : or       'bool std::operator !=(const std::unordered_multimap<_Kty,_Ty,_Hasher,_Keyeq,_Alloc> &,const std::unordered_multimap<_Kty,_Ty,_Hasher,_Keyeq,_Alloc> &)' [C:\Users\kitso\Documents\CPP Game\CPP PRoject\ECSEngine\Projects\Color Bullets\build\GameScripts.vcxproj]
C:\Users\kitso\Documents\CPP Game\CPP PRoject\ECSEngine\HotReloading/include/ProjectComponentRegistration.h(91,12): message : 'bool std::operator !=(const std::unordered_multimap<_Kty,_Ty,_Hasher,_Keyeq,_Alloc> &,const std::unordered_multimap<_Kty,_Ty,_Hasher,_Keyeq,_Alloc> &)': could not deduce template argument for 'const std::unordered_multimap<_Kty,_Ty,_Hasher,_Keyeq,_Alloc> &' from 'int' [C:\Users\kitso\Documents\CPP Game\CPP PRoject\ECSEngine\Projects\Color Bullets\build\GameScripts.vcxproj]
C:\Program Files\Microsoft Visual Studio\2022\Community\VC\Tools\MSVC\14.35.32215\include\functional(1182,17): message : or       'bool std::operator !=(const std::function<_Fty> &,std::nullptr_t) noexcept' [C:\Users\kitso\Documents\CPP Game\CPP PRoject\ECSEngine\Projects\Color Bullets\build\GameScripts.vcxproj]
C:\Users\kitso\Documents\CPP Game\CPP PRoject\ECSEngine\HotReloading/include/ProjectComponentRegistration.h(91,12): message : 'bool std::operator !=(const std::function<_Fty> &,std::nullptr_t) noexcept': could not deduce template argument for 'const std::function<_Fty> &' from 'int' [C:\Users\kitso\Documents\CPP Game\CPP PRoject\ECSEngine\Projects\Color Bullets\build\GameScripts.vcxproj]
C:\Program Files\Microsoft Visual Studio\2022\Community\VC\Tools\MSVC\14.35.32215\include\functional(1187,17): message : or       'bool std::operator !=(std::nullptr_t,const std::function<_Fty> &) noexcept' [C:\Users\kitso\Documents\CPP Game\CPP PRoject\ECSEngine\Projects\Color Bullets\build\GameScripts.vcxproj]
C:\Users\kitso\Documents\CPP Game\CPP PRoject\ECSEngine\HotReloading/include/ProjectComponentRegistration.h(91,12): message : 'bool std::operator !=(std::nullptr_t,const std::function<_Fty> &) noexcept': could not deduce template argument for 'const std::function<_Fty> &' from 'std::_Tree_const_iterator<std::_Tree_val<std::_Tree_simple_types<std::pair<const std::string,std::string>>>>' [C:\Users\kitso\Documents\CPP Game\CPP PRoject\ECSEngine\Projects\Color Bullets\build\GameScripts.vcxproj]
C:\Program Files\Microsoft Visual Studio\2022\Community\VC\Tools\MSVC\14.35.32215\include\set(215,17): message : or       'bool std::operator !=(const std::set<_Kty,_Pr,_Alloc> &,const std::set<_Kty,_Pr,_Alloc> &)' [C:\Users\kitso\Documents\CPP Game\CPP PRoject\ECSEngine\Projects\Color Bullets\build\GameScripts.vcxproj]
C:\Users\kitso\Documents\CPP Game\CPP PRoject\ECSEngine\HotReloading/include/ProjectComponentRegistration.h(91,12): message : 'bool std::operator !=(const std::set<_Kty,_Pr,_Alloc> &,const std::set<_Kty,_Pr,_Alloc> &)': could not deduce template argument for 'const std::set<_Kty,_Pr,_Alloc> &' from 'int' [C:\Users\kitso\Documents\CPP Game\CPP PRoject\ECSEngine\Projects\Color Bullets\build\GameScripts.vcxproj]
C:\Program Files\Microsoft Visual Studio\2022\Community\VC\Tools\MSVC\14.35.32215\include\set(430,17): message : or       'bool std::operator !=(const std::multiset<_Kty,_Pr,_Alloc> &,const std::multiset<_Kty,_Pr,_Alloc> &)' [C:\Users\kitso\Documents\CPP Game\CPP PRoject\ECSEngine\Projects\Color Bullets\build\GameScripts.vcxproj]
C:\Users\kitso\Documents\CPP Game\CPP PRoject\ECSEngine\HotReloading/include/ProjectComponentRegistration.h(91,12): message : 'bool std::operator !=(const std::multiset<_Kty,_Pr,_Alloc> &,const std::multiset<_Kty,_Pr,_Alloc> &)': could not deduce template argument for 'const std::multiset<_Kty,_Pr,_Alloc> &' from 'int' [C:\Users\kitso\Documents\CPP Game\CPP PRoject\ECSEngine\Projects\Color Bullets\build\GameScripts.vcxproj]
C:\Program Files\Microsoft Visual Studio\2022\Community\VC\Tools\MSVC\14.35.32215\include\forward_list(1577,17): message : or       'bool std::operator !=(const std::forward_list<_Ty,_Alloc> &,const std::forward_list<_Ty,_Alloc> &)' [C:\Users\kitso\Documents\CPP Game\CPP PRoject\ECSEngine\Projects\Color Bullets\build\GameScripts.vcxproj]
C:\Users\kitso\Documents\CPP Game\CPP PRoject\ECSEngine\HotReloading/include/ProjectComponentRegistration.h(91,12): message : 'bool std::operator !=(const std::forward_list<_Ty,_Alloc> &,const std::forward_list<_Ty,_Alloc> &)': could not deduce template argument for 'const std::forward_list<_Ty,_Alloc> &' from 'int' [C:\Users\kitso\Documents\CPP Game\CPP PRoject\ECSEngine\Projects\Color Bullets\build\GameScripts.vcxproj]
C:\Program Files\Microsoft Visual Studio\2022\Community\VC\Tools\MSVC\14.35.32215\include\valarray(1014,23): message : or       'std::_Boolarray std::operator !=(const std::valarray<_Ty> &,const valarray<_Ty>::value_type &)' [C:\Users\kitso\Documents\CPP Game\CPP PRoject\ECSEngine\Projects\Color Bullets\build\GameScripts.vcxproj]
C:\Users\kitso\Documents\CPP Game\CPP PRoject\ECSEngine\HotReloading/include/ProjectComponentRegistration.h(91,12): message : 'std::_Boolarray std::operator !=(const std::valarray<_Ty> &,const valarray<_Ty>::value_type &)': could not deduce template argument for 'const std::valarray<_Ty> &' from 'int' [C:\Users\kitso\Documents\CPP Game\CPP PRoject\ECSEngine\Projects\Color Bullets\build\GameScripts.vcxproj]
C:\Program Files\Microsoft Visual Studio\2022\Community\VC\Tools\MSVC\14.35.32215\include\valarray(1024,23): message : or       'std::_Boolarray std::operator !=(const valarray<_Ty>::value_type &,const std::valarray<_Ty> &)' [C:\Users\kitso\Documents\CPP Game\CPP PRoject\ECSEngine\Projects\Color Bullets\build\GameScripts.vcxproj]
C:\Users\kitso\Documents\CPP Game\CPP PRoject\ECSEngine\HotReloading/include/ProjectComponentRegistration.h(91,12): message : 'std::_Boolarray std::operator !=(const valarray<_Ty>::value_type &,const std::valarray<_Ty> &)': could not deduce template argument for 'const std::valarray<_Ty> &' from 'std::_Tree_const_iterator<std::_Tree_val<std::_Tree_simple_types<std::pair<const std::string,std::string>>>>' [C:\Users\kitso\Documents\CPP Game\CPP PRoject\ECSEngine\Projects\Color Bullets\build\GameScripts.vcxproj]
C:\Program Files\Microsoft Visual Studio\2022\Community\VC\Tools\MSVC\14.35.32215\include\valarray(1034,23): message : or       'std::_Boolarray std::operator !=(const std::valarray<_Ty> &,const std::valarray<_Ty> &)' [C:\Users\kitso\Documents\CPP Game\CPP PRoject\ECSEngine\Projects\Color Bullets\build\GameScripts.vcxproj]
C:\Users\kitso\Documents\CPP Game\CPP PRoject\ECSEngine\HotReloading/include/ProjectComponentRegistration.h(91,12): message : 'std::_Boolarray std::operator !=(const std::valarray<_Ty> &,const std::valarray<_Ty> &)': could not deduce template argument for 'const std::valarray<_Ty> &' from 'int' [C:\Users\kitso\Documents\CPP Game\CPP PRoject\ECSEngine\Projects\Color Bullets\build\GameScripts.vcxproj]
C:\Program Files\Microsoft Visual Studio\2022\Community\VC\Tools\MSVC\14.35.32215\include\optional(636,27): message : or       'bool std::operator !=(const std::optional<_Ty> &,const std::optional<_Ty2> &) noexcept(<expr>)' [C:\Users\kitso\Documents\CPP Game\CPP PRoject\ECSEngine\Projects\Color Bullets\build\GameScripts.vcxproj]
C:\Users\kitso\Documents\CPP Game\CPP PRoject\ECSEngine\HotReloading/include/ProjectComponentRegistration.h(91,12): message : 'bool std::operator !=(const std::optional<_Ty> &,const std::optional<_Ty2> &) noexcept(<expr>)': could not deduce template argument for 'const std::optional<_Ty> &' from 'int' [C:\Users\kitso\Documents\CPP Game\CPP PRoject\ECSEngine\Projects\Color Bullets\build\GameScripts.vcxproj]
C:\Program Files\Microsoft Visual Studio\2022\Community\VC\Tools\MSVC\14.35.32215\include\optional(751,27): message : or       'bool std::operator !=(const std::optional<_Ty> &,std::nullopt_t) noexcept' [C:\Users\kitso\Documents\CPP Game\CPP PRoject\ECSEngine\Projects\Color Bullets\build\GameScripts.vcxproj]
C:\Users\kitso\Documents\CPP Game\CPP PRoject\ECSEngine\HotReloading/include/ProjectComponentRegistration.h(91,12): message : 'bool std::operator !=(const std::optional<_Ty> &,std::nullopt_t) noexcept': could not deduce template argument for 'const std::optional<_Ty> &' from 'int' [C:\Users\kitso\Documents\CPP Game\CPP PRoject\ECSEngine\Projects\Color Bullets\build\GameScripts.vcxproj]
C:\Program Files\Microsoft Visual Studio\2022\Community\VC\Tools\MSVC\14.35.32215\include\optional(755,27): message : or       'bool std::operator !=(std::nullopt_t,const std::optional<_Ty> &) noexcept' [C:\Users\kitso\Documents\CPP Game\CPP PRoject\ECSEngine\Projects\Color Bullets\build\GameScripts.vcxproj]
C:\Users\kitso\Documents\CPP Game\CPP PRoject\ECSEngine\HotReloading/include/ProjectComponentRegistration.h(91,12): message : 'bool std::operator !=(std::nullopt_t,const std::optional<_Ty> &) noexcept': could not deduce template argument for 'const std::optional<_Ty> &' from 'std::_Tree_const_iterator<std::_Tree_val<std::_Tree_simple_types<std::pair<const std::string,std::string>>>>' [C:\Users\kitso\Documents\CPP Game\CPP PRoject\ECSEngine\Projects\Color Bullets\build\GameScripts.vcxproj]
C:\Program Files\Microsoft Visual Studio\2022\Community\VC\Tools\MSVC\14.35.32215\include\optional(842,27): message : or       'bool std::operator !=(const std::optional<_Ty> &,const _Ty2 &) noexcept(<expr>)' [C:\Users\kitso\Documents\CPP Game\CPP PRoject\ECSEngine\Projects\Color Bullets\build\GameScripts.vcxproj]
C:\Users\kitso\Documents\CPP Game\CPP PRoject\ECSEngine\HotReloading/include/ProjectComponentRegistration.h(91,12): message : 'bool std::operator !=(const std::optional<_Ty> &,const _Ty2 &) noexcept(<expr>)': could not deduce template argument for 'const std::optional<_Ty> &' from 'int' [C:\Users\kitso\Documents\CPP Game\CPP PRoject\ECSEngine\Projects\Color Bullets\build\GameScripts.vcxproj]
C:\Program Files\Microsoft Visual Studio\2022\Community\VC\Tools\MSVC\14.35.32215\include\optional(850,27): message : or       'bool std::operator !=(const _Ty1 &,const std::optional<_Ty2> &) noexcept(<expr>)' [C:\Users\kitso\Documents\CPP Game\CPP PRoject\ECSEngine\Projects\Color Bullets\build\GameScripts.vcxproj]
C:\Users\kitso\Documents\CPP Game\CPP PRoject\ECSEngine\HotReloading/include/ProjectComponentRegistration.h(91,12): message : 'bool std::operator !=(const _Ty1 &,const std::optional<_Ty2> &) noexcept(<expr>)': could not deduce template argument for 'const std::optional<_Ty2> &' from 'std::_Tree_const_iterator<std::_Tree_val<std::_Tree_simple_types<std::pair<const std::string,std::string>>>>' [C:\Users\kitso\Documents\CPP Game\CPP PRoject\ECSEngine\Projects\Color Bullets\build\GameScripts.vcxproj]
C:\Program Files\Microsoft Visual Studio\2022\Community\VC\Tools\MSVC\14.35.32215\include\iosfwd(122,28): message : or       'bool std::operator !=(const std::fpos<_Mbstatet> &,const _Int)' [C:\Users\kitso\Documents\CPP Game\CPP PRoject\ECSEngine\Projects\Color Bullets\build\GameScripts.vcxproj]
C:\Users\kitso\Documents\CPP Game\CPP PRoject\ECSEngine\HotReloading/include/ProjectComponentRegistration.h(91,1): message : 'bool std::operator !=(const std::fpos<_Mbstatet> &,const _Int)': could not deduce template argument for '__formal' [C:\Users\kitso\Documents\CPP Game\CPP PRoject\ECSEngine\Projects\Color Bullets\build\GameScripts.vcxproj]
C:\Program Files\Microsoft Visual Studio\2022\Community\VC\Tools\MSVC\14.35.32215\include\iosfwd(127,28): message : or       'bool std::operator !=(const _Int,const std::fpos<_Mbstatet> &)' [C:\Users\kitso\Documents\CPP Game\CPP PRoject\ECSEngine\Projects\Color Bullets\build\GameScripts.vcxproj]
C:\Users\kitso\Documents\CPP Game\CPP PRoject\ECSEngine\HotReloading/include/ProjectComponentRegistration.h(91,44): message : 'initializing': cannot convert from 'std::_Tree_const_iterator<std::_Tree_val<std::_Tree_simple_types<std::pair<const std::string,std::string>>>>' to 'const std::fpos<_Mbstatet> &' [C:\Users\kitso\Documents\CPP Game\CPP PRoject\ECSEngine\Projects\Color Bullets\build\GameScripts.vcxproj]
C:\Users\kitso\Documents\CPP Game\CPP PRoject\ECSEngine\HotReloading/include/ProjectComponentRegistration.h(91,44): message : Reason: cannot convert from 'std::_Tree_const_iterator<std::_Tree_val<std::_Tree_simple_types<std::pair<const std::string,std::string>>>>' to 'const std::fpos<_Mbstatet>' [C:\Users\kitso\Documents\CPP Game\CPP PRoject\ECSEngine\Projects\Color Bullets\build\GameScripts.vcxproj]
C:\Users\kitso\Documents\CPP Game\CPP PRoject\ECSEngine\HotReloading/include/ProjectComponentRegistration.h(91,44): message : No user-defined-conversion operator available that can perform this conversion, or the operator cannot be called [C:\Users\kitso\Documents\CPP Game\CPP PRoject\ECSEngine\Projects\Color Bullets\build\GameScripts.vcxproj]
C:\Users\kitso\Documents\CPP Game\CPP PRoject\ECSEngine\HotReloading/include/ProjectComponentRegistration.h(91,12): message : while trying to match the argument list '(int, std::_Tree_const_iterator<std::_Tree_val<std::_Tree_simple_types<std::pair<const std::string,std::string>>>>)' [C:\Users\kitso\Documents\CPP Game\CPP PRoject\ECSEngine\Projects\Color Bullets\build\GameScripts.vcxproj]
C:\Users\kitso\Documents\CPP Game\CPP PRoject\ECSEngine\HotReloading/include/ProjectComponentRegistration.h(64,25): error C2440: '=': cannot convert from 'void *' to 'T *' [C:\Users\kitso\Documents\CPP Game\CPP PRoject\ECSEngine\Projects\Color Bullets\build\GameScripts.vcxproj]
          with
          [
              T=Enemy
          ]
C:\Users\kitso\Documents\CPP Game\CPP PRoject\ECSEngine\HotReloading/include/ProjectComponentRegistration.h(64,25): message : Conversion from 'void*' to pointer to non-'void' requires an explicit cast [C:\Users\kitso\Documents\CPP Game\CPP PRoject\ECSEngine\Projects\Color Bullets\build\GameScripts.vcxproj]
C:\Users\kitso\Documents\CPP Game\CPP PRoject\ECSEngine\HotReloading/include/ProjectComponentRegistration.h(82,25): error C2440: '=': cannot convert from 'void *' to 'T *' [C:\Users\kitso\Documents\CPP Game\CPP PRoject\ECSEngine\Projects\Color Bullets\build\GameScripts.vcxproj]
          with
          [
              T=Enemy
          ]
C:\Users\kitso\Documents\CPP Game\CPP PRoject\ECSEngine\HotReloading/include/ProjectComponentRegistration.h(82,25): message : Conversion from 'void*' to pointer to non-'void' requires an explicit cast [C:\Users\kitso\Documents\CPP Game\CPP PRoject\ECSEngine\Projects\Color Bullets\build\GameScripts.vcxproj]
C:\Users\kitso\Documents\CPP Game\CPP PRoject\ECSEngine\HotReloading/include/ProjectComponentRegistration.h(64,25): error C2440: '=': cannot convert from 'void *' to 'T *' [C:\Users\kitso\Documents\CPP Game\CPP PRoject\ECSEngine\Projects\Color Bullets\build\GameScripts.vcxproj]
          with
          [
              T=EnemySpawner
          ]
C:\Users\kitso\Documents\CPP Game\CPP PRoject\ECSEngine\HotReloading/include/ProjectComponentRegistration.h(64,25): message : Conversion from 'void*' to pointer to non-'void' requires an explicit cast [C:\Users\kitso\Documents\CPP Game\CPP PRoject\ECSEngine\Projects\Color Bullets\build\GameScripts.vcxproj]
C:\Users\kitso\Documents\CPP Game\CPP PRoject\ECSEngine\HotReloading/include/ProjectComponentRegistration.h(82,25): error C2440: '=': cannot convert from 'void *' to 'T *' [C:\Users\kitso\Documents\CPP Game\CPP PRoject\ECSEngine\Projects\Color Bullets\build\GameScripts.vcxproj]
          with
          [
              T=EnemySpawner
          ]
C:\Users\kitso\Documents\CPP Game\CPP PRoject\ECSEngine\HotReloading/include/ProjectComponentRegistration.h(82,25): message : Conversion from 'void*' to pointer to non-'void' requires an explicit cast [C:\Users\kitso\Documents\CPP Game\CPP PRoject\ECSEngine\Projects\Color Bullets\build\GameScripts.vcxproj]
C:\Users\kitso\Documents\CPP Game\CPP PRoject\ECSEngine\HotReloading/include/ProjectComponentRegistration.h(64,25): error C2440: '=': cannot convert from 'void *' to 'T *' [C:\Users\kitso\Documents\CPP Game\CPP PRoject\ECSEngine\Projects\Color Bullets\build\GameScripts.vcxproj]
          with
          [
              T=FloorSquare
          ]
C:\Users\kitso\Documents\CPP Game\CPP PRoject\ECSEngine\HotReloading/include/ProjectComponentRegistration.h(64,25): message : Conversion from 'void*' to pointer to non-'void' requires an explicit cast [C:\Users\kitso\Documents\CPP Game\CPP PRoject\ECSEngine\Projects\Color Bullets\build\GameScripts.vcxproj]
C:\Users\kitso\Documents\CPP Game\CPP PRoject\ECSEngine\HotReloading/include/ProjectComponentRegistration.h(82,25): error C2440: '=': cannot convert from 'void *' to 'T *' [C:\Users\kitso\Documents\CPP Game\CPP PRoject\ECSEngine\Projects\Color Bullets\build\GameScripts.vcxproj]
          with
          [
              T=FloorSquare
          ]
C:\Users\kitso\Documents\CPP Game\CPP PRoject\ECSEngine\HotReloading/include/ProjectComponentRegistration.h(82,25): message : Conversion from 'void*' to pointer to non-'void' requires an explicit cast [C:\Users\kitso\Documents\CPP Game\CPP PRoject\ECSEngine\Projects\Color Bullets\build\GameScripts.vcxproj]
C:\Users\kitso\Documents\CPP Game\CPP PRoject\ECSEngine\HotReloading/include/ProjectComponentRegistration.h(64,25): error C2440: '=': cannot convert from 'void *' to 'T *' [C:\Users\kitso\Documents\CPP Game\CPP PRoject\ECSEngine\Projects\Color Bullets\build\GameScripts.vcxproj]
          with
          [
              T=GameManager
          ]
C:\Users\kitso\Documents\CPP Game\CPP PRoject\ECSEngine\HotReloading/include/ProjectComponentRegistration.h(64,25): message : Conversion from 'void*' to pointer to non-'void' requires an explicit cast [C:\Users\kitso\Documents\CPP Game\CPP PRoject\ECSEngine\Projects\Color Bullets\build\GameScripts.vcxproj]
C:\Users\kitso\Documents\CPP Game\CPP PRoject\ECSEngine\HotReloading/include/ProjectComponentRegistration.h(82,25): error C2440: '=': cannot convert from 'void *' to 'T *' [C:\Users\kitso\Documents\CPP Game\CPP PRoject\ECSEngine\Projects\Color Bullets\build\GameScripts.vcxproj]
          with
          [
              T=GameManager
          ]
C:\Users\kitso\Documents\CPP Game\CPP PRoject\ECSEngine\HotReloading/include/ProjectComponentRegistration.h(82,25): message : Conversion from 'void*' to pointer to non-'void' requires an explicit cast [C:\Users\kitso\Documents\CPP Game\CPP PRoject\ECSEngine\Projects\Color Bullets\build\GameScripts.vcxproj]
C:\Users\kitso\Documents\CPP Game\CPP PRoject\ECSEngine\HotReloading/include/ProjectComponentRegistration.h(64,25): error C2440: '=': cannot convert from 'void *' to 'T *' [C:\Users\kitso\Documents\CPP Game\CPP PRoject\ECSEngine\Projects\Color Bullets\build\GameScripts.vcxproj]
          with
          [
              T=Player
          ]
C:\Users\kitso\Documents\CPP Game\CPP PRoject\ECSEngine\HotReloading/include/ProjectComponentRegistration.h(64,25): message : Conversion from 'void*' to pointer to non-'void' requires an explicit cast [C:\Users\kitso\Documents\CPP Game\CPP PRoject\ECSEngine\Projects\Color Bullets\build\GameScripts.vcxproj]
C:\Users\kitso\Documents\CPP Game\CPP PRoject\ECSEngine\HotReloading/include/ProjectComponentRegistration.h(82,25): error C2440: '=': cannot convert from 'void *' to 'T *' [C:\Users\kitso\Documents\CPP Game\CPP PRoject\ECSEngine\Projects\Color Bullets\build\GameScripts.vcxproj]
          with
          [
              T=Player
          ]
C:\Users\kitso\Documents\CPP Game\CPP PRoject\ECSEngine\HotReloading/include/ProjectComponentRegistration.h(82,25): message : Conversion from 'void*' to pointer to non-'void' requires an explicit cast [C:\Users\kitso\Documents\CPP Game\CPP PRoject\ECSEngine\Projects\Color Bullets\build\GameScripts.vcxproj]
  GameManager.cpp
  Generating Code...

EXIT CODE: 1
